// Jest Snapshot v1, https://goo.gl/fbAQLP

exports[`Snapshots of form2 1`] = `
<div
  className="template container gov-container form"
  id="topicTemplate"
>
  <div
    id="breadcrumbContainer"
  >
    <ol
      className="breadcrumb"
    >
      <li>
        <a
          href="/"
          id="home"
        >
          Home
        </a>
      </li>
      <li>
        <a
          href=""
        >
          Notice of Appearance (Form 2)
        </a>
      </li>
    </ol>
  </div>
  <div
    className="row"
  >
    <div
      className="contentPageMainColumn col-sm-12"
      id="main-content"
      role="main"
    >
      <div
        className="form-title not-printable"
      >
        <h1>
          NOTICE OF APPEARANCE
        </h1>
        Form 2 (RULES 5 (A), 13 (A) AND 17 (A))
      </div>
      <div
        className="form-section not-printable"
      >
        <h2
          style={
            Object {
              "fontWeight": "bold",
            }
          }
        >
          When Do You Use the Notice of Appearance (Form 2)?
        </h2>
        <p>
          If you have been served a Notice of Appeal (Form 7), and you want to respond, fill out the Notice of Appearance (Form 2). If you do not respond, you will not be included in future court proceedings related to this case, and will not have access to the case documents filed.
        </p>
        <p>
          You have 
          <span
            style={
              Object {
                "fontWeight": "bold",
              }
            }
          >
            10 days
          </span>
           to serve a filed copy of the Notice of Appearance to the appellant, after receiving a Notice of Appeal.
        </p>
      </div>
      <div
        className="form-section not-printable"
      >
        <h2
          style={
            Object {
              "fontWeight": "bold",
            }
          }
        >
          Appeal Case Information
        </h2>
        Enter the Court of Appeal number you want to respond to:
        <table>
          <tbody>
            <tr>
              <td>
                LEVEL OF COURT
              </td>
              <td>
                COURT OF APPEAL FILE NO.
              </td>
              <td>
                 
              </td>
            </tr>
            <tr>
              <td>
                <input
                  disabled={true}
                  value="Court of Appeal"
                />
              </td>
              <td>
                <input
                  autoFocus={true}
                  id="file-no"
                  name="number.form-seven"
                  onChange={[Function]}
                  onKeyPress={[Function]}
                  placeholder={undefined}
                  readOnly={undefined}
                  value="CA"
                />
              </td>
              <td>
                <button
                  className="btn btn-primary btn-green"
                  disabled={true}
                  id="find-button"
                  onClick={[Function]}
                >
                  Find
                </button>
              </td>
              <td>
                <div
                  className="error-message"
                >
                  
                </div>
              </td>
            </tr>
          </tbody>
        </table>
      </div>
      <div
        className="form-section"
        style={
          Object {
            "display": "none",
          }
        }
      >
        <div
          className="button-bar not-printable"
        >
          <button
            className="btn btn-warning"
            id="back"
            onClick={[Function]}
          >
            &lt; 
            Back
          </button>
          <button
            className="btn btn-success"
            id="draft"
            onClick={[Function]}
          >
            Save as Draft
          </button>
          <button
            className="btn btn-success"
            disabled={true}
            id="preview"
            onClick={[Function]}
          >
            Preview &gt;
          </button>
        </div>
      </div>
      <div
        className="modal"
        id="viewFormModal"
        style={
          Object {
            "display": "none",
          }
        }
      >
        <div
          className="modal-title green not-printable"
        >
          <span
            id="close-modal"
            onClick={[Function]}
          >
            ×
          </span>
          Preview Form 2
        </div>
        <div
          className="modal-content"
        >
          <div
            className="form-section"
          >
            <div
              className="button-bar not-printable"
            >
              <button
                className="btn btn-warning"
                id="back"
                onClick={[Function]}
              >
                &lt; 
                Back to editing
              </button>
              <button
                className="btn btn-success"
                id="draft"
                onClick={[Function]}
              >
                Save as Draft
              </button>
              <button
                className="btn btn-success"
                id="print"
                onClick={[Function]}
              >
                Print
              </button>
            </div>
          </div>
        </div>
      </div>
      <div
        className="modal not-printable"
        id="validationModal"
      >
        <div
          className="modal-title"
        >
          <span
            id="close-modal"
          >
            ×
          </span>
          Form Validation
        </div>
        <div
          className="modal-content"
        >
          <div
            className="progress"
          >
            <div
              aria-valuemax="100"
              aria-valuemin="0"
              aria-valuenow="100"
              className="progress-bar progress-bar-striped"
              role="progressbar"
              style={
                Object {
                  "width": "100%",
                }
              }
            >
              <span>
                100%
              </span>
            </div>
          </div>
          <table
            id="validations"
          >
            <tbody>
              <tr>
                <td
                  className="validation"
                >
                  All required fields filled in
                </td>
                <td>
                  <i
                    className="far fa-check-circle"
                  />
                </td>
              </tr>
              <tr>
                <td
                  className="validation"
                >
                  Address for Service is in British Columbia
                </td>
                <td>
                  <i
                    className="far fa-check-circle"
                  />
                </td>
              </tr>
            </tbody>
          </table>
          <hr />
          <div>
            <span
              className="success"
            >
              Your form has been successfully verified. Please proceed to review.
            </span>
            <button
              className="btn btn-primary"
            >
              Preview Form &gt;
            </button>
          </div>
        </div>
      </div>
      <div
        className="modal not-printable"
        id="saveErrorModal"
        style={
          Object {
            "display": "none",
          }
        }
      >
        <div
          className="modal-title red"
        >
          <span
            id="close-modal"
            onClick={[Function]}
          >
            ×
          </span>
          Save failed
        </div>
        <div
          className="modal-content"
        >
          <div>
            Something unexpected happened.
          </div>
        </div>
      </div>
      <div
        className="modal not-printable"
        id="saveSucessModal"
        style={
          Object {
            "display": "none",
          }
        }
      >
        <div
          className="modal-title green"
        >
          <span
            id="close-modal"
            onClick={[Function]}
          >
            ×
          </span>
          Saved!
        </div>
        <div
          className="modal-content"
        >
          <div>
            Saved as draft!
          </div>
        </div>
      </div>
      <div
        className="modal not-printable"
        id="dataLossWarning"
        style={
          Object {
            "display": "none",
          }
        }
      >
        <div
          className="modal-title warning"
        >
          <span
            id="close-modal"
            onClick={[Function]}
          >
            ×
          </span>
          Warning!
        </div>
        <div
          className="modal-content"
        >
          <div>
            All changes will be lost!
          </div>
          <div
            className="button-bar not-printable"
          >
            <button
              className="btn btn-warning"
              id="back"
              onClick={[Function]}
            >
              &lt; 
              Go back so I can save the form as draft.
            </button>
            <button
              className="btn btn-success"
              id="submit"
              onClick={[Function]}
            >
              Continue anyway.  I don't care about the data.
            </button>
          </div>
        </div>
      </div>
    </div>
  </div>
</div>
`;
